
======================================================================
TESTING REFACTORED EMBEDDING SERVICE
======================================================================
C:/Users/AADHITHAN/Downloads/Cipercare/.venv/Scripts/python.exe : Traceback (most recent call last):
At line:1 char:1
+ C:/Users/AADHITHAN/Downloads/Cipercare/.venv/Scripts/python.exe test_ ...
+ ~~~~~~~~~~~~~~~~~~~~~~~~~~~~~~~~~~~~~~~~~~~~~~~~~~~~~~~~~~~~~~~~~~~~~
    + CategoryInfo          : NotSpecified: (Traceback (most recent call last)::String) [], RemoteExceptio 
   n
    + FullyQualifiedErrorId : NativeCommandError
 
  File "C:\Users\AADHITHAN\Downloads\Cipercare\test_embedder_refactor.py", line 18, in <module>
    print("\n1\ufe0f\u20e3  Testing import and initialization...")
    ~~~~~^^^^^^^^^^^^^^^^^^^^^^^^^^^^^^^^^^^^^^^^^^^^^^^
  File "C:\Python313\Lib\encodings\cp1252.py", line 19, in encode
    return codecs.charmap_encode(input,self.errors,encoding_table)[0]
           ~~~~~~~~~~~~~~~~~~~~~^^^^^^^^^^^^^^^^^^^^^^^^^^^^^^^^^^
UnicodeEncodeError: 'charmap' codec can't encode characters in position 3-4: character maps to <undefined>
